// Jest Snapshot v1, https://goo.gl/fbAQLP

exports[`resourceSelectors getResourceTypes 1`] = `
Array [
  Object {
    "id": "urn:resourcetype:learningPath",
    "name": "Læringssti",
  },
  Object {
    "id": "urn:resourcetype:subjectMaterial",
    "name": "Fagstoff",
    "subtypes": Array [
      Object {
        "id": "urn:resourcetype:academicArticle",
        "name": "Fagartikkel",
      },
      Object {
        "id": "urn:resourcetype:movieAndClip",
        "name": "Film og filmklipp",
      },
      Object {
        "id": "urn:resourcetype:simulation",
        "name": "Simulering",
      },
    ],
  },
  Object {
    "id": "urn:resourcetype:tasksAndActivities",
    "name": "Oppgaver og aktiviteter",
    "subtypes": Array [
      Object {
        "id": "urn:resourcetype:exercise",
        "name": "Øvelse",
      },
      Object {
        "id": "urn:resourcetype:task",
        "name": "Oppgave",
      },
      Object {
        "id": "urn:resourcetype:workAssignment",
        "name": "Arbeidsoppdrag",
      },
    ],
  },
  Object {
    "id": "urn:resourcetype:SourceMaterial",
    "name": "Kildemateriale",
  },
  Object {
    "id": "urn:resourcetype:externalResource",
    "name": "Ekstern læringsressurs",
  },
  Object {
    "id": "urn:resourcetype:reviewResource",
    "name": "Vurderingsressurs",
  },
  Object {
    "id": "urn:resourcetype:concept",
    "name": "Begrep",
  },
]
`;
